[mairamansoor.framer.website/index.html]
[backblue.gif]
[fade.gif]
[index.html]
[framerusercontent.com/images/9oCJKrrrn3INyWFroEzUEGMUM.png]
[framerusercontent.com/images/9JuFISFtSP87upELVvL4XG3BQb9c2.png]
[framerusercontent.com/images/hQXs0LXv7QNXzZvrCQ9z0PJ9Ae685.jpg]
[mairamansoor.framer.website/cisco-u.html]
[framerusercontent.com/images/P4sTVUV2S2IK4hbzxwZC4AwcKA1ad2.png]
[mairamansoor.framer.website/mmbl.html]
[framerusercontent.com/images/FaDVA1CRjUkWpneswndSt80tP81ad2.png]
[mairamansoor.framer.website/capstone.html]
[framerusercontent.com/images/EwGMNUQZwpS0jDRhgm0PQHeiOVk1ad2.png]
[framerusercontent.com/images/W3bBQ4dd8lyoRhzAGr8WyEKpF0s1ad2.png]
[mairamansoor.framer.website/index.html]
[framerusercontent.com/images/JFzwE8dwXYNFNWbe7Q6IWFSfrAa4d9.png]
[framerusercontent.com/images/5HPYIMs6RCWLB2Z5ErCX5jw4zg11d7.jpg]
[framerusercontent.com/images/EL4JF1ZAnhD8o3S4YRgNgu9VOYf0dc.png]
[framerusercontent.com/images/vm4JOYZT5sS2cl1AFxDvjHLlTQ4009.png]
[framerusercontent.com/images/j6yN6sKKb8d43hnacwO1zRb8Iaeb8.jpg]
[framerusercontent.com/images/3MMMGfTj6tTNG7HtBWP5ZxC6koec5d.png]
[framerusercontent.com/images/w3agRxwt9Gj404WmbsCWbfpzO8eeb8.png]
[framerusercontent.com/images/SUehXxkcRR0PWVSLcYtkspVTVg0031.png]
[framerusercontent.com/images/6yvqVDbUQpTYsFYpMzBWkxE0jLc7da7.gif]
[framerusercontent.com/images/b4wMQHFjJ5fh973Wv1mIJgM2Kca6ed.gif]
[framerusercontent.com/images/4dIP1rR5SZhhAr7RgM6HQJqdSag21ea.gif]
[framerusercontent.com/images/fDOj3mPsAZZ47ihOvhq6VkQQjAk50d0.gif]
[framerusercontent.com/images/xGmqrcSRwwpwiUm3Z7cWMpJ98g3673.gif]
[framerusercontent.com/images/0VQMowMI8TOO0WNYaxiQvVZgEa25f.gif]
[framerusercontent.com/images/E3KQkqeTLE7stIyQpCsve719Io03673.gif]
[framerusercontent.com/images/2QIaRpVznzthhtzmtzlgb7zPtE6fde.gif]
[mairamansoor.framer.website/cisco-u.html]
[framerusercontent.com/images/Zb6SU9EFt4KC48tmo5Muzt0b8ff.png]
[framerusercontent.com/images/QPsfbbjwCFlcuawsw4dDbNXLU8I5ba3.png]
[framerusercontent.com/images/kJ9zY4gpWntypIxFTlW38V64633f.png]
[framerusercontent.com/images/mYyrCZMxejGxpPiQ8WM8PAhi0bad1.png]
[framerusercontent.com/images/dIHDRtRVUL0P5FDHSnNGV4gWAab29.png]
[framerusercontent.com/images/PmRhyo0t6RzJIGqDlOSd5wY0ec09d1b.png]
[framerusercontent.com/images/s16I6p13laY6aNCUBLXNzKMjO249d15.png]
[framerusercontent.com/images/D8brNbU4zu7cjgYe0pOatUXvzU313c.png]
[framerusercontent.com/images/wj2ZkxbMBJlSz7fVIzFEbd0ys8839f6.png]
[framerusercontent.com/images/bBlLTGWdDpFb4FZWYBnyDdVEFweec2.png]
[framerusercontent.com/images/PFTkimxOEwykMjWBWKG46vRRiyg78ea.png]
[mairamansoor.framer.website/mmbl.html]
[framerusercontent.com/images/IhwCYVHUs2cUjaX0rvztjcdlIb039.png]
[framerusercontent.com/images/Ner8OicFD6N98qBHXv9hpsBko26a8.jpg]
[framerusercontent.com/images/j66BooacmSP9z7ElOHThUVH2Ng69b7.jpg]
[framerusercontent.com/images/9Y6NN8T30QIFmI7z89q2OhvCI4009.png]
[framerusercontent.com/images/hZg2KEbDFSngzCftrac4K2SWOo3d3b.jpg]
[framerusercontent.com/images/DdTyn1zPKupnJo8j2dH81muz5Yec5d.png]
[framerusercontent.com/images/hpaCopbax5CpOWsQOv9S5FJkRk5d35.jpg]
[framerusercontent.com/images/lrUrVnbi0QrxRm3y1TCPqpS6Cwdd52.jpg]
[framerusercontent.com/images/RJ1Z5uEPExBD7UMHgAmYvQ9QHk47ef.png]
[framerusercontent.com/images/duCJJH65WUz7HHzrGpuoZrHl41o971d.png]
[framerusercontent.com/images/6qdUVUaynnPSa1kbUboVq7XS9c848a.png]
[framerusercontent.com/images/JfhtnAcPSmb9gSxctc26hP8tgt8612e.png]
[framerusercontent.com/images/SbAszCvdHXUICUptMMv7Cp8ClM612e.png]
[framerusercontent.com/images/QJ2TaqwmQeq3T39NPBPuJqJM0wda2e.png]
[framerusercontent.com/images/jlJRvANW484kxCPeGPzdmLlXhYaa9f.png]
[framerusercontent.com/images/yuySv9AJ8hnC4BJvolJRHtzyXUob43b.png]
[framerusercontent.com/images/9IsHFhLlSD0r2HmHpgwYkbEbOWE612e.png]
[mairamansoor.framer.website/capstone.html]
